--------------------------------------------------------------------------------
Release 14.7 Trace  (nt64)
Copyright (c) 1995-2013 Xilinx, Inc.  All rights reserved.

C:\Users\HanWei\Xilinx\14.7\ISE_DS\ISE\bin\nt64\unwrapped\trce.exe -intstyle
ise -o mojo_top_0.twr -v 30 -l 30 mojo_top_0_routed.ncd mojo_top_0.pcf

Design file:              mojo_top_0_routed.ncd
Physical constraint file: mojo_top_0.pcf
Device,package,speed:     xc6slx9,tqg144,C,-2 (PRODUCTION 1.23 2013-10-13)
Report level:             verbose report, limited to 30 items per constraint

Environment Variable      Effect 
--------------------      ------ 
NONE                      No environment variables were set
--------------------------------------------------------------------------------

INFO:Timing:2698 - No timing constraints found, doing default enumeration.
INFO:Timing:3412 - To improve timing, see the Timing Closure User Guide (UG612).
INFO:Timing:2752 - To get complete path coverage, use the unconstrained paths 
   option. All paths that are not constrained will be reported in the 
   unconstrained paths section(s) of the report.
INFO:Timing:3339 - The clock-to-out numbers in this timing report are based on 
   a 50 Ohm transmission line loading model.  For the details of this model, 
   and for more information on accounting for different loading conditions, 
   please see the device datasheet.



Data Sheet report:
-----------------
All values displayed in nanoseconds (ns)

Pad to Pad
---------------+---------------+---------+
Source Pad     |Destination Pad|  Delay  |
---------------+---------------+---------+
io_dip[0]      |io_led[0]      |   18.784|
io_dip[0]      |io_led[1]      |   18.092|
io_dip[0]      |io_led[2]      |   18.084|
io_dip[0]      |io_led[3]      |   17.549|
io_dip[0]      |io_led[4]      |   18.778|
io_dip[0]      |io_led[5]      |   18.552|
io_dip[0]      |io_led[6]      |   18.096|
io_dip[0]      |io_led[7]      |   18.581|
io_dip[0]      |io_led[16]     |   14.041|
io_dip[0]      |io_led[17]     |   13.793|
io_dip[0]      |io_led[18]     |   12.844|
io_dip[1]      |io_led[0]      |   19.181|
io_dip[1]      |io_led[1]      |   18.489|
io_dip[1]      |io_led[2]      |   18.481|
io_dip[1]      |io_led[3]      |   17.946|
io_dip[1]      |io_led[4]      |   19.175|
io_dip[1]      |io_led[5]      |   18.949|
io_dip[1]      |io_led[6]      |   18.493|
io_dip[1]      |io_led[7]      |   18.978|
io_dip[1]      |io_led[16]     |   14.710|
io_dip[1]      |io_led[17]     |   14.462|
io_dip[1]      |io_led[18]     |   13.513|
io_dip[2]      |io_led[0]      |   22.269|
io_dip[2]      |io_led[1]      |   19.407|
io_dip[2]      |io_led[2]      |   18.883|
io_dip[2]      |io_led[3]      |   18.348|
io_dip[2]      |io_led[4]      |   19.577|
io_dip[2]      |io_led[5]      |   19.351|
io_dip[2]      |io_led[6]      |   18.895|
io_dip[2]      |io_led[7]      |   19.380|
io_dip[2]      |io_led[16]     |   14.659|
io_dip[2]      |io_led[17]     |   14.411|
io_dip[2]      |io_led[18]     |   13.462|
io_dip[3]      |io_led[0]      |   24.807|
io_dip[3]      |io_led[1]      |   21.945|
io_dip[3]      |io_led[2]      |   18.335|
io_dip[3]      |io_led[3]      |   17.800|
io_dip[3]      |io_led[4]      |   19.029|
io_dip[3]      |io_led[5]      |   18.803|
io_dip[3]      |io_led[6]      |   18.347|
io_dip[3]      |io_led[7]      |   18.832|
io_dip[3]      |io_led[16]     |   14.602|
io_dip[3]      |io_led[17]     |   14.354|
io_dip[3]      |io_led[18]     |   13.405|
io_dip[4]      |io_led[0]      |   28.375|
io_dip[4]      |io_led[1]      |   25.513|
io_dip[4]      |io_led[2]      |   20.926|
io_dip[4]      |io_led[3]      |   18.912|
io_dip[4]      |io_led[4]      |   20.141|
io_dip[4]      |io_led[5]      |   19.915|
io_dip[4]      |io_led[6]      |   19.459|
io_dip[4]      |io_led[7]      |   19.944|
io_dip[4]      |io_led[16]     |   14.977|
io_dip[4]      |io_led[17]     |   14.729|
io_dip[4]      |io_led[18]     |   13.780|
io_dip[5]      |io_led[0]      |   30.366|
io_dip[5]      |io_led[1]      |   27.504|
io_dip[5]      |io_led[2]      |   22.917|
io_dip[5]      |io_led[3]      |   18.733|
io_dip[5]      |io_led[4]      |   19.253|
io_dip[5]      |io_led[5]      |   19.027|
io_dip[5]      |io_led[6]      |   18.571|
io_dip[5]      |io_led[7]      |   19.056|
io_dip[5]      |io_led[16]     |   14.300|
io_dip[5]      |io_led[17]     |   14.052|
io_dip[5]      |io_led[18]     |   13.103|
io_dip[6]      |io_led[0]      |   31.802|
io_dip[6]      |io_led[1]      |   28.940|
io_dip[6]      |io_led[2]      |   24.353|
io_dip[6]      |io_led[3]      |   20.169|
io_dip[6]      |io_led[4]      |   19.181|
io_dip[6]      |io_led[5]      |   18.955|
io_dip[6]      |io_led[6]      |   18.499|
io_dip[6]      |io_led[7]      |   18.984|
io_dip[6]      |io_led[16]     |   14.078|
io_dip[6]      |io_led[17]     |   13.830|
io_dip[6]      |io_led[18]     |   12.881|
io_dip[7]      |io_led[0]      |   31.973|
io_dip[7]      |io_led[1]      |   29.111|
io_dip[7]      |io_led[2]      |   24.524|
io_dip[7]      |io_led[3]      |   20.340|
io_dip[7]      |io_led[4]      |   19.145|
io_dip[7]      |io_led[5]      |   18.919|
io_dip[7]      |io_led[6]      |   18.463|
io_dip[7]      |io_led[7]      |   18.948|
io_dip[7]      |io_led[16]     |   13.967|
io_dip[7]      |io_led[17]     |   13.719|
io_dip[7]      |io_led[18]     |   12.770|
io_dip[8]      |io_led[0]      |   31.667|
io_dip[8]      |io_led[1]      |   28.805|
io_dip[8]      |io_led[2]      |   24.218|
io_dip[8]      |io_led[3]      |   20.034|
io_dip[8]      |io_led[4]      |   18.559|
io_dip[8]      |io_led[5]      |   18.333|
io_dip[8]      |io_led[6]      |   17.877|
io_dip[8]      |io_led[7]      |   18.362|
io_dip[8]      |io_led[16]     |   14.150|
io_dip[8]      |io_led[17]     |   13.902|
io_dip[8]      |io_led[18]     |   12.953|
io_dip[9]      |io_led[0]      |   31.243|
io_dip[9]      |io_led[1]      |   28.381|
io_dip[9]      |io_led[2]      |   23.794|
io_dip[9]      |io_led[3]      |   19.610|
io_dip[9]      |io_led[4]      |   18.996|
io_dip[9]      |io_led[5]      |   18.770|
io_dip[9]      |io_led[6]      |   18.314|
io_dip[9]      |io_led[7]      |   18.799|
io_dip[9]      |io_led[16]     |   14.717|
io_dip[9]      |io_led[17]     |   14.469|
io_dip[9]      |io_led[18]     |   13.520|
io_dip[10]     |io_led[0]      |   31.122|
io_dip[10]     |io_led[1]      |   28.260|
io_dip[10]     |io_led[2]      |   23.673|
io_dip[10]     |io_led[3]      |   19.489|
io_dip[10]     |io_led[4]      |   18.682|
io_dip[10]     |io_led[5]      |   18.456|
io_dip[10]     |io_led[6]      |   18.000|
io_dip[10]     |io_led[7]      |   18.485|
io_dip[10]     |io_led[16]     |   14.756|
io_dip[10]     |io_led[17]     |   14.508|
io_dip[10]     |io_led[18]     |   13.559|
io_dip[11]     |io_led[0]      |   31.866|
io_dip[11]     |io_led[1]      |   29.004|
io_dip[11]     |io_led[2]      |   24.417|
io_dip[11]     |io_led[3]      |   20.233|
io_dip[11]     |io_led[4]      |   18.566|
io_dip[11]     |io_led[5]      |   18.340|
io_dip[11]     |io_led[6]      |   17.884|
io_dip[11]     |io_led[7]      |   18.369|
io_dip[11]     |io_led[16]     |   14.032|
io_dip[11]     |io_led[17]     |   13.784|
io_dip[11]     |io_led[18]     |   12.835|
io_dip[12]     |io_led[0]      |   31.916|
io_dip[12]     |io_led[1]      |   29.054|
io_dip[12]     |io_led[2]      |   24.467|
io_dip[12]     |io_led[3]      |   20.283|
io_dip[12]     |io_led[4]      |   18.319|
io_dip[12]     |io_led[5]      |   18.093|
io_dip[12]     |io_led[6]      |   17.637|
io_dip[12]     |io_led[7]      |   18.122|
io_dip[12]     |io_led[16]     |   14.173|
io_dip[12]     |io_led[17]     |   13.925|
io_dip[12]     |io_led[18]     |   12.976|
io_dip[13]     |io_led[0]      |   32.051|
io_dip[13]     |io_led[1]      |   29.189|
io_dip[13]     |io_led[2]      |   24.602|
io_dip[13]     |io_led[3]      |   20.418|
io_dip[13]     |io_led[4]      |   18.749|
io_dip[13]     |io_led[5]      |   18.523|
io_dip[13]     |io_led[6]      |   18.067|
io_dip[13]     |io_led[7]      |   18.552|
io_dip[13]     |io_led[16]     |   14.633|
io_dip[13]     |io_led[17]     |   14.385|
io_dip[13]     |io_led[18]     |   13.436|
io_dip[14]     |io_led[0]      |   31.814|
io_dip[14]     |io_led[1]      |   28.952|
io_dip[14]     |io_led[2]      |   24.365|
io_dip[14]     |io_led[3]      |   20.181|
io_dip[14]     |io_led[4]      |   18.419|
io_dip[14]     |io_led[5]      |   18.193|
io_dip[14]     |io_led[6]      |   17.737|
io_dip[14]     |io_led[7]      |   18.222|
io_dip[14]     |io_led[16]     |   13.972|
io_dip[14]     |io_led[17]     |   13.724|
io_dip[14]     |io_led[18]     |   12.775|
io_dip[15]     |io_led[0]      |   31.469|
io_dip[15]     |io_led[1]      |   28.607|
io_dip[15]     |io_led[2]      |   24.020|
io_dip[15]     |io_led[3]      |   19.836|
io_dip[15]     |io_led[4]      |   17.995|
io_dip[15]     |io_led[5]      |   17.769|
io_dip[15]     |io_led[6]      |   17.313|
io_dip[15]     |io_led[7]      |   17.798|
io_dip[15]     |io_led[16]     |   13.395|
io_dip[15]     |io_led[17]     |   13.147|
io_dip[15]     |io_led[18]     |   12.198|
io_dip[16]     |io_led[0]      |   15.277|
io_dip[16]     |io_led[1]      |   14.992|
io_dip[16]     |io_led[2]      |   15.391|
io_dip[16]     |io_led[3]      |   15.119|
io_dip[16]     |io_led[4]      |   16.078|
io_dip[16]     |io_led[5]      |   15.754|
io_dip[16]     |io_led[6]      |   16.046|
io_dip[16]     |io_led[7]      |   16.033|
io_dip[16]     |io_led[16]     |   16.042|
io_dip[16]     |io_led[17]     |   15.794|
io_dip[16]     |io_led[18]     |   14.845|
io_dip[17]     |io_led[0]      |   16.025|
io_dip[17]     |io_led[1]      |   13.385|
io_dip[17]     |io_led[2]      |   13.169|
io_dip[17]     |io_led[3]      |   13.248|
io_dip[17]     |io_led[4]      |   14.302|
io_dip[17]     |io_led[5]      |   13.443|
io_dip[17]     |io_led[6]      |   12.838|
io_dip[17]     |io_led[7]      |   13.360|
io_dip[18]     |io_led[0]      |   17.862|
io_dip[18]     |io_led[1]      |   13.549|
io_dip[18]     |io_led[2]      |   14.601|
io_dip[18]     |io_led[3]      |   13.143|
io_dip[18]     |io_led[4]      |   16.269|
io_dip[18]     |io_led[5]      |   14.792|
io_dip[18]     |io_led[6]      |   14.670|
io_dip[18]     |io_led[7]      |   15.161|
io_dip[19]     |io_led[0]      |   15.596|
io_dip[19]     |io_led[1]      |   13.673|
io_dip[19]     |io_led[2]      |   12.510|
io_dip[19]     |io_led[3]      |   12.933|
io_dip[19]     |io_led[4]      |   15.540|
io_dip[19]     |io_led[5]      |   14.043|
io_dip[19]     |io_led[6]      |   14.132|
io_dip[19]     |io_led[7]      |   13.158|
io_dip[20]     |io_led[0]      |   15.676|
io_dip[20]     |io_led[1]      |   13.894|
io_dip[20]     |io_led[2]      |   12.310|
io_dip[20]     |io_led[3]      |   13.850|
io_dip[20]     |io_led[4]      |   15.356|
io_dip[20]     |io_led[5]      |   14.017|
io_dip[20]     |io_led[6]      |   14.140|
io_dip[20]     |io_led[7]      |   12.598|
io_dip[21]     |io_led[0]      |   16.623|
io_dip[21]     |io_led[1]      |   13.601|
io_dip[21]     |io_led[2]      |   12.579|
io_dip[21]     |io_led[3]      |   13.587|
io_dip[21]     |io_led[4]      |   14.132|
io_dip[21]     |io_led[5]      |   11.950|
io_dip[21]     |io_led[6]      |   13.646|
io_dip[21]     |io_led[7]      |   13.379|
---------------+---------------+---------+


Analysis completed Fri Oct 21 17:35:30 2016 
--------------------------------------------------------------------------------

Trace Settings:
-------------------------
Trace Settings 

Peak Memory Usage: 214 MB



